// Jest Snapshot v1, https://goo.gl/fbAQLP

exports[`testing the button element should mount custom button 1`] = `
.c0 {
  background: #ffffff;
  font-family: Alegreya Medium;
  font-style: Regular;
  font-size: 2rem;
  align: Center;
  -webkit-letterspacing: 5%;
  -moz-letterspacing: 5%;
  -ms-letterspacing: 5%;
  letterspacing: 5%;
  border-radius: 0.3rem;
  text-align: center;
  color: #0b41cd;
  font-weight: normal;
  cursor: pointer;
  border: 0.12rem solid #0b41cd;
  margin: 1rem;
  text-transform: capitalize;
  -webkit-transition: all 0.3s;
  transition: all 0.3s;
  padding: .3rem 1rem;
  display: block;
  text-transform: capitalize;
  width: auto;
}

.c0 svg {
  height: 35px;
  width: 35px;
  padding: 0 10px 0 0;
}

<button
  className="c0"
/>
`;
