// Jest Snapshot v1, https://goo.gl/fbAQLP

exports[`Custom Input styled-component renders correctly 1`] = `
<input
  className="sc-bdVaJa hZehcL"
/>
`;
