// Jest Snapshot v1, https://goo.gl/fbAQLP

exports[`Custom Button component renders correctly 1`] = `
<button
  className="sc-bdVaJa GOJIj"
>
  Submit
</button>
`;
