// Jest Snapshot v1, https://goo.gl/fbAQLP

exports[`Custom Footer component renders correctly 1`] = `
<div
  className="footer"
>
  <div
    className="container"
  >
    <div
      className="row"
    >
      <div
        className="col-lg-4 col-md-5 col-sm-4 col-3 d-none d-sm-block pl-0 align-self-center col"
      >
        <div
          className="d-flex"
        >
          <span
            className="isvg loading feather"
          />
          <span
            className="isvg loading d-block app-logo"
          />
        </div>
      </div>
      <div
        className="d-flex align-items-center flex-column col"
      >
        <h2
          className="mb-5"
        >
          Help
        </h2>
        <a
          href="/"
          onClick={[Function]}
        >
          <h4
            className="mb-4"
          >
            Profile
          </h4>
        </a>
        <a
          href="/"
          onClick={[Function]}
        >
          <h4>
            Blog
          </h4>
        </a>
      </div>
      <div
        className="d-flex align-items-center flex-column col"
      >
        <h2
          className="mb-5"
        >
          Contact Us
        </h2>
        <a
          href="/"
          onClick={[Function]}
        >
          <h4
            className="mb-4"
          >
            Faqs
          </h4>
        </a>
        <a
          href="/"
          onClick={[Function]}
        >
          <h4>
            Contact us
          </h4>
        </a>
      </div>
      <div
        className="d-flex align-items-center flex-column col"
      >
        <h2
          className="mb-4"
        >
          Social Media
        </h2>
        <div
          className="d-flex justify-evenly w-75 mb-4"
        >
          <a
            href="/"
            onClick={[Function]}
          >
            <span
              className="isvg loading mr-5 d-block logo2"
            />
          </a>
          <a
            href="/"
            onClick={[Function]}
          >
            <span
              className="isvg loading d-block logo2"
            />
          </a>
        </div>
        <div
          className="d-flex justify-content-between w-75"
        >
          <a
            href="/"
            onClick={[Function]}
          >
            <h4>
              Facebook
            </h4>
          </a>
          <a
            href="/"
            onClick={[Function]}
          >
            <h4>
              Twitter
            </h4>
          </a>
        </div>
      </div>
    </div>
  </div>
</div>
`;
