// Jest Snapshot v1, https://goo.gl/fbAQLP

exports[`Custom Navbar component test renders correctly 1`] = `
Array [
  <nav
    className="navbar navbar-expand-lg navbar-light bg-white shadow-sm px-5"
  >
    <span
      className="navbar-brand"
    >
      <a
        href="/"
        onClick={[Function]}
      >
        <div
          className="sc-bZQynM hVJJCu"
        >
          <img
            className="feather"
            src="test-file-stub"
          />
        </div>
      </a>
    </span>
    <button
      aria-controls="basic-navbar-nav"
      aria-label="Toggle navigation"
      className="navbar-toggler"
      onClick={[Function]}
      type="button"
    >
      <span
        className="navbar-toggler-icon"
      />
    </button>
    <div
      aria-expanded={null}
      className="navbar-collapse collapse"
      id="basic-navbar-nav"
    >
      <div
        className="mr-auto ml-5 navbar-nav"
        onKeyDown={[Function]}
      >
        <div
          className="input-field"
        >
          <input
            className="sc-bdVaJa OWCEx"
            id="search"
            onChange={[Function]}
            placeholder="search"
            required={true}
            type="text"
            value=""
          />
          <small
            className="text-danger ml-3 form-text"
          />
        </div>
        <img
          className="search-logo"
          src="test-file-stub"
        />
      </div>
      <button
        className="ml-auto sc-htpNat gbVmAb"
        onClick={[Function]}
      >
        Login
      </button>
    </div>
  </nav>,
  <div />,
]
`;
