// Jest Snapshot v1, https://goo.gl/fbAQLP

exports[`<BadgeComponent /> renders correctly 1`] = `
<span
  className="icon-holder"
>
  <img
    alt="ClockIcon"
    className="icon-height"
    src={Object {}}
  />
  <sub
    className="count"
  >
    2 days ago
  </sub>
</span>
`;
